// Jest Snapshot v1, https://goo.gl/fbAQLP

exports[`Birthday should render correctly 1`] = `
<li>
  Madeleine
   
  Brooks
   - 
  12 May 2019
</li>
`;
